// Jest Snapshot v1, https://goo.gl/fbAQLP

exports[`Testing GifGridItem Should return GifGridItem correctly 1`] = `
<div
  className="card animate__animated animate__bounce"
>
  <img
    alt="Title"
    src="https://localhost/algo.jpg"
  />
  <p>
    Title
  </p>
</div>
`;
